// Jest Snapshot v1, https://goo.gl/fbAQLP

exports[`The generation of the film list is being tested It must match the snapshot 1`] = `
<div>
  <div
    class="MuiPaper-root MuiPaper-elevation MuiPaper-rounded MuiPaper-elevation1 MuiCard-root root card css-bhp9pd-MuiPaper-root-MuiCard-root"
  >
    <div
      class="container-img"
    >
      <img
        class="img-card"
        src="test-file-stub"
      />
    </div>
    <div
      class="MuiCardContent-root css-46bh2p-MuiCardContent-root"
    >
      <p
        class="MuiTypography-root MuiTypography-body1 title css-ahj2mt-MuiTypography-root"
      >
        The Phantom Menace
      </p>
      <p
        class="MuiTypography-root MuiTypography-body1 title css-ahj2mt-MuiTypography-root"
      >
        1999-05-19
      </p>
      <br />
      <p
        class="MuiTypography-root MuiTypography-body1 description css-ahj2mt-MuiTypography-root"
      >
        <span>
          Director
        </span>
         
        George Lucas
      </p>
      <p
        class="MuiTypography-root MuiTypography-body1 description css-ahj2mt-MuiTypography-root"
      >
        <span>
          Producers
        </span>
         
        Rick McCallum
      </p>
      <br />
      <p
        class="MuiTypography-root MuiTypography-body1 description css-ahj2mt-MuiTypography-root"
      >
        Turmoil has engulfed the
Galactic Republic. The taxation
of trade routes to outlying star
systems is in dispute.

Hoping to resolve the matter
with a blockade of deadly
battleships, the greedy Trade
Federation has stopped all
shipping to the small planet
of Naboo.

While the Congress of the
Republic endlessly debates
this alarming chain of events,
the Supreme Chancellor has
secretly dispatched two Jedi
Knights, the guardians of
peace and justice in the
galaxy, to settle the conflict....
      </p>
    </div>
    <button
      class="MuiButtonBase-root MuiButton-root MuiButton-outlined MuiButton-outlinedPrimary MuiButton-sizeMedium MuiButton-outlinedSizeMedium MuiButton-root MuiButton-outlined MuiButton-outlinedPrimary MuiButton-sizeMedium MuiButton-outlinedSizeMedium btn-character css-1rwt2y5-MuiButtonBase-root-MuiButton-root"
      tabindex="0"
      type="button"
    >
      <a
        class="link-character"
        href="/films/4"
      >
        Read More...
      </a>
      <span
        class="MuiTouchRipple-root css-8je8zh-MuiTouchRipple-root"
      />
    </button>
  </div>
</div>
`;

exports[`se testea la generarion del listado de films debe hacer match con el snapshot 1`] = `
<div>
  <div
    class="MuiPaper-root MuiPaper-elevation MuiPaper-rounded MuiPaper-elevation1 MuiCard-root root card css-bhp9pd-MuiPaper-root-MuiCard-root"
  >
    <div
      class="container-img"
    >
      <img
        class="img-card"
        src="test-file-stub"
      />
    </div>
    <div
      class="MuiCardContent-root css-46bh2p-MuiCardContent-root"
    >
      <p
        class="MuiTypography-root MuiTypography-body1 title css-ahj2mt-MuiTypography-root"
      >
        The Phantom Menace
      </p>
      <p
        class="MuiTypography-root MuiTypography-body1 title css-ahj2mt-MuiTypography-root"
      >
        1999-05-19
      </p>
      <br />
      <p
        class="MuiTypography-root MuiTypography-body1 description css-ahj2mt-MuiTypography-root"
      >
        <span>
          Director
        </span>
         
        George Lucas
      </p>
      <p
        class="MuiTypography-root MuiTypography-body1 description css-ahj2mt-MuiTypography-root"
      >
        <span>
          Producers
        </span>
         
        Rick McCallum
      </p>
      <br />
      <p
        class="MuiTypography-root MuiTypography-body1 description css-ahj2mt-MuiTypography-root"
      >
        Turmoil has engulfed the
Galactic Republic. The taxation
of trade routes to outlying star
systems is in dispute.

Hoping to resolve the matter
with a blockade of deadly
battleships, the greedy Trade
Federation has stopped all
shipping to the small planet
of Naboo.

While the Congress of the
Republic endlessly debates
this alarming chain of events,
the Supreme Chancellor has
secretly dispatched two Jedi
Knights, the guardians of
peace and justice in the
galaxy, to settle the conflict....
      </p>
    </div>
    <button
      class="MuiButtonBase-root MuiButton-root MuiButton-outlined MuiButton-outlinedPrimary MuiButton-sizeMedium MuiButton-outlinedSizeMedium MuiButton-root MuiButton-outlined MuiButton-outlinedPrimary MuiButton-sizeMedium MuiButton-outlinedSizeMedium btn-character css-1rwt2y5-MuiButtonBase-root-MuiButton-root"
      tabindex="0"
      type="button"
    >
      <a
        class="link-character"
        href="/films/4"
      >
        Read More...
      </a>
      <span
        class="MuiTouchRipple-root css-8je8zh-MuiTouchRipple-root"
      />
    </button>
  </div>
</div>
`;
